exports[`test expands on click 1`] = `
<li
  className="country 
      
      
      has-silver 
      
      ">
  <a
    onClick={[Function]}>
    <span>
      🏳
      TRI
       (
      5
      )
    </span>
    <abbr
      title="0 gold medals">
      
    </abbr>
    <abbr
      title="5 silver medals">
      🥈🥈🥈🥈🥈
    </abbr>
    <abbr
      title="0 bronze medals">
      
    </abbr>
  </a>
  <ul>
    <li>
      🏃
      THOMPSON, Richard
       - 
      100m
       - 
      <span>
        🥈
      </span>
    </li>
    <li>
      🏃
      BLEDMAN, Keston
       - 
      4x100m relay
       - 
      <span>
        🥈
      </span>
    </li>
    <li>
      🏃
      BURNS, Marc
       - 
      4x100m relay
       - 
      <span>
        🥈
      </span>
    </li>
    <li>
      🏃
      CALLENDER, Emmanuel
       - 
      4x100m relay
       - 
      <span>
        🥈
      </span>
    </li>
    <li>
      🏃
      THOMPSON, Richard
       - 
      4x100m relay
       - 
      <span>
        🥈
      </span>
    </li>
  </ul>
</li>
`;

exports[`test renders correctly 1`] = `
<li
  className="country 
      
      
      has-silver 
      
      ">
  <a
    onClick={[Function]}>
    <span>
      🏳
      TRI
       (
      5
      )
    </span>
    <abbr
      title="0 gold medals">
      
    </abbr>
    <abbr
      title="5 silver medals">
      🥈🥈🥈🥈🥈
    </abbr>
    <abbr
      title="0 bronze medals">
      
    </abbr>
  </a>
  <ul>
    <li>
      🏃
      THOMPSON, Richard
       - 
      100m
       - 
      <span>
        🥈
      </span>
    </li>
    <li>
      🏃
      BLEDMAN, Keston
       - 
      4x100m relay
       - 
      <span>
        🥈
      </span>
    </li>
    <li>
      🏃
      BURNS, Marc
       - 
      4x100m relay
       - 
      <span>
        🥈
      </span>
    </li>
    <li>
      🏃
      CALLENDER, Emmanuel
       - 
      4x100m relay
       - 
      <span>
        🥈
      </span>
    </li>
    <li>
      🏃
      THOMPSON, Richard
       - 
      4x100m relay
       - 
      <span>
        🥈
      </span>
    </li>
  </ul>
</li>
`;
